Archive member included because of file (symbol)

c:/program files (x86)/gnu tools arm embedded/4.9 2015q1/bin/../lib/gcc/arm-none-eabi/4.9.3/armv6-m\libgcc.a(_udivsi3.o)
                              ..\obj\stm32f0xx_rcc.o (__aeabi_uidiv)
c:/program files (x86)/gnu tools arm embedded/4.9 2015q1/bin/../lib/gcc/arm-none-eabi/4.9.3/armv6-m\libgcc.a(_dvmd_tls.o)
                              c:/program files (x86)/gnu tools arm embedded/4.9 2015q1/bin/../lib/gcc/arm-none-eabi/4.9.3/armv6-m\libgcc.a(_udivsi3.o) (__aeabi_idiv0)

Allocating common symbols
Common symbol       size              file

D                   0x2c              ..\obj\main.o
A                   0x18              ..\obj\main.o
TO                  0x14              ..\obj\main.o
T                   0xc               ..\obj\main.o
G                   0x8               ..\obj\main.o
RC                  0x1c              ..\obj\main.o

Discarded input sections

 .text          0x00000000        0x0 ..\obj\stm32f0xx_rcc.o
 .bss           0x00000000        0x0 ..\obj\stm32f0xx_rcc.o
 .text.RCC_DeInit
                0x00000000       0x88 ..\obj\stm32f0xx_rcc.o
 .text.RCC_WaitForHSEStartUp
                0x00000000       0x60 ..\obj\stm32f0xx_rcc.o
 .text.RCC_AdjustHSICalibrationValue
                0x00000000       0x3c ..\obj\stm32f0xx_rcc.o
 .text.RCC_HSICmd
                0x00000000       0x38 ..\obj\stm32f0xx_rcc.o
 .text.RCC_AdjustHSI14CalibrationValue
                0x00000000       0x3c ..\obj\stm32f0xx_rcc.o
 .text.RCC_HSI14Cmd
                0x00000000       0x38 ..\obj\stm32f0xx_rcc.o
 .text.RCC_HSI14ADCRequestCmd
                0x00000000       0x38 ..\obj\stm32f0xx_rcc.o
 .text.RCC_LSEConfig
                0x00000000       0x38 ..\obj\stm32f0xx_rcc.o
 .text.RCC_LSEDriveConfig
                0x00000000       0x2c ..\obj\stm32f0xx_rcc.o
 .text.RCC_LSICmd
                0x00000000       0x38 ..\obj\stm32f0xx_rcc.o
 .text.RCC_ClockSecuritySystemCmd
                0x00000000       0x40 ..\obj\stm32f0xx_rcc.o
 .text.RCC_MCOConfig
                0x00000000       0x20 ..\obj\stm32f0xx_rcc.o
 .text.RCC_GetSYSCLKSource
                0x00000000       0x1c ..\obj\stm32f0xx_rcc.o
 .text.RCC_HCLKConfig
                0x00000000       0x34 ..\obj\stm32f0xx_rcc.o
 .text.RCC_PCLKConfig
                0x00000000       0x38 ..\obj\stm32f0xx_rcc.o
 .text.RCC_CECCLKConfig
                0x00000000       0x2c ..\obj\stm32f0xx_rcc.o
 .text.RCC_I2CCLKConfig
                0x00000000       0x2c ..\obj\stm32f0xx_rcc.o
 .text.RCC_USARTCLKConfig
                0x00000000       0x2c ..\obj\stm32f0xx_rcc.o
 .text.RCC_RTCCLKConfig
                0x00000000       0x20 ..\obj\stm32f0xx_rcc.o
 .text.RCC_RTCCLKCmd
                0x00000000       0x40 ..\obj\stm32f0xx_rcc.o
 .text.RCC_BackupResetCmd
                0x00000000       0x40 ..\obj\stm32f0xx_rcc.o
 .text.RCC_APB1PeriphClockCmd
                0x00000000       0x3c ..\obj\stm32f0xx_rcc.o
 .text.RCC_AHBPeriphResetCmd
                0x00000000       0x3c ..\obj\stm32f0xx_rcc.o
 .text.RCC_APB2PeriphResetCmd
                0x00000000       0x3c ..\obj\stm32f0xx_rcc.o
 .text.RCC_APB1PeriphResetCmd
                0x00000000       0x3c ..\obj\stm32f0xx_rcc.o
 .text.RCC_ITConfig
                0x00000000       0x50 ..\obj\stm32f0xx_rcc.o
 .text.RCC_ClearFlag
                0x00000000       0x1c ..\obj\stm32f0xx_rcc.o
 .text.RCC_GetITStatus
                0x00000000       0x44 ..\obj\stm32f0xx_rcc.o
 .text.RCC_ClearITPendingBit
                0x00000000       0x20 ..\obj\stm32f0xx_rcc.o
 .text          0x00000000        0x0 ..\obj\stm32f0xx_adc.o
 .data          0x00000000        0x0 ..\obj\stm32f0xx_adc.o
 .bss           0x00000000        0x0 ..\obj\stm32f0xx_adc.o
 .text.ADC_DeInit
                0x00000000       0x34 ..\obj\stm32f0xx_adc.o
 .text.ADC_StructInit
                0x00000000       0x34 ..\obj\stm32f0xx_adc.o
 .text.ADC_JitterCmd
                0x00000000       0x38 ..\obj\stm32f0xx_adc.o
 .text.ADC_AutoPowerOffCmd
                0x00000000       0x3c ..\obj\stm32f0xx_adc.o
 .text.ADC_WaitModeCmd
                0x00000000       0x3c ..\obj\stm32f0xx_adc.o
 .text.ADC_AnalogWatchdogCmd
                0x00000000       0x3c ..\obj\stm32f0xx_adc.o
 .text.ADC_AnalogWatchdogThresholdsConfig
                0x00000000       0x30 ..\obj\stm32f0xx_adc.o
 .text.ADC_AnalogWatchdogSingleChannelConfig
                0x00000000       0x34 ..\obj\stm32f0xx_adc.o
 .text.ADC_AnalogWatchdogSingleChannelCmd
                0x00000000       0x3c ..\obj\stm32f0xx_adc.o
 .text.ADC_TempSensorCmd
                0x00000000       0x40 ..\obj\stm32f0xx_adc.o
 .text.ADC_VrefintCmd
                0x00000000       0x40 ..\obj\stm32f0xx_adc.o
 .text.ADC_VbatCmd
                0x00000000       0x40 ..\obj\stm32f0xx_adc.o
 .text.ADC_ContinuousModeCmd
                0x00000000       0x3c ..\obj\stm32f0xx_adc.o
 .text.ADC_DiscModeCmd
                0x00000000       0x3c ..\obj\stm32f0xx_adc.o
 .text.ADC_OverrunModeCmd
                0x00000000       0x3c ..\obj\stm32f0xx_adc.o
 .text.ADC_StopOfConversion
                0x00000000       0x1c ..\obj\stm32f0xx_adc.o
 .text.ADC_GetConversionValue
                0x00000000       0x18 ..\obj\stm32f0xx_adc.o
 .text.ADC_DMARequestModeConfig
                0x00000000       0x2c ..\obj\stm32f0xx_adc.o
 .text.ADC_ITConfig
                0x00000000       0x38 ..\obj\stm32f0xx_adc.o
 .text.ADC_ClearFlag
                0x00000000       0x18 ..\obj\stm32f0xx_adc.o
 .text.ADC_GetITStatus
                0x00000000       0x50 ..\obj\stm32f0xx_adc.o
 .text.ADC_ClearITPendingBit
                0x00000000       0x18 ..\obj\stm32f0xx_adc.o
 .text          0x00000000        0x0 ..\obj\main.o
 .data          0x00000000        0x0 ..\obj\main.o
 .text          0x00000000       0x14 ..\obj\startup_stm32f0xx.o
 .data          0x00000000        0x0 ..\obj\startup_stm32f0xx.o
 .bss           0x00000000        0x0 ..\obj\startup_stm32f0xx.o
 .text          0x00000000        0x0 ..\obj\stm32f0xx_dma.o
 .data          0x00000000        0x0 ..\obj\stm32f0xx_dma.o
 .bss           0x00000000        0x0 ..\obj\stm32f0xx_dma.o
 .text.DMA_DeInit
                0x00000000       0xc0 ..\obj\stm32f0xx_dma.o
 .text.DMA_StructInit
                0x00000000       0x50 ..\obj\stm32f0xx_dma.o
 .text.DMA_SetCurrDataCounter
                0x00000000       0x1c ..\obj\stm32f0xx_dma.o
 .text.DMA_GetCurrDataCounter
                0x00000000       0x18 ..\obj\stm32f0xx_dma.o
 .text.DMA_ITConfig
                0x00000000       0x38 ..\obj\stm32f0xx_dma.o
 .text.DMA_GetITStatus
                0x00000000       0x40 ..\obj\stm32f0xx_dma.o
 .text.DMA_ClearITPendingBit
                0x00000000       0x18 ..\obj\stm32f0xx_dma.o
 .text          0x00000000        0x0 ..\obj\system_stm32f0xx_temp.o
 .data          0x00000000       0x14 ..\obj\system_stm32f0xx_temp.o
 .bss           0x00000000        0x0 ..\obj\system_stm32f0xx_temp.o
 .text.SystemCoreClockUpdate1
                0x00000000       0xd4 ..\obj\system_stm32f0xx_temp.o
 .text          0x00000000        0x0 ..\obj\stm32f0xx_gpio.o
 .data          0x00000000        0x0 ..\obj\stm32f0xx_gpio.o
 .bss           0x00000000        0x0 ..\obj\stm32f0xx_gpio.o
 .text.GPIO_DeInit
                0x00000000       0xc8 ..\obj\stm32f0xx_gpio.o
 .text.GPIO_StructInit
                0x00000000       0x30 ..\obj\stm32f0xx_gpio.o
 .text.GPIO_PinLockConfig
                0x00000000       0x44 ..\obj\stm32f0xx_gpio.o
 .text.GPIO_ReadInputDataBit
                0x00000000       0x48 ..\obj\stm32f0xx_gpio.o
 .text.GPIO_ReadInputData
                0x00000000       0x18 ..\obj\stm32f0xx_gpio.o
 .text.GPIO_ReadOutputDataBit
                0x00000000       0x48 ..\obj\stm32f0xx_gpio.o
 .text.GPIO_ReadOutputData
                0x00000000       0x18 ..\obj\stm32f0xx_gpio.o
 .text.GPIO_SetBits
                0x00000000       0x1c ..\obj\stm32f0xx_gpio.o
 .text.GPIO_ResetBits
                0x00000000       0x1c ..\obj\stm32f0xx_gpio.o
 .text.GPIO_WriteBit
                0x00000000       0x38 ..\obj\stm32f0xx_gpio.o
 .text.GPIO_Write
                0x00000000       0x1c ..\obj\stm32f0xx_gpio.o
 .text.GPIO_PinAFConfig
                0x00000000       0xa0 ..\obj\stm32f0xx_gpio.o
 .text          0x00000000        0x0 ..\obj\stm32f0xx_tim.o
 .data          0x00000000        0x0 ..\obj\stm32f0xx_tim.o
 .bss           0x00000000        0x0 ..\obj\stm32f0xx_tim.o
 .text.TIM_DeInit
                0x00000000      0x124 ..\obj\stm32f0xx_tim.o
 .text.TIM_TimeBaseStructInit
                0x00000000       0x30 ..\obj\stm32f0xx_tim.o
 .text.TIM_PrescalerConfig
                0x00000000       0x30 ..\obj\stm32f0xx_tim.o
 .text.TIM_CounterModeConfig
                0x00000000       0x54 ..\obj\stm32f0xx_tim.o
 .text.TIM_SetCounter
                0x00000000       0x18 ..\obj\stm32f0xx_tim.o
 .text.TIM_SetAutoreload
                0x00000000       0x18 ..\obj\stm32f0xx_tim.o
 .text.TIM_GetCounter
                0x00000000       0x14 ..\obj\stm32f0xx_tim.o
 .text.TIM_GetPrescaler
                0x00000000       0x18 ..\obj\stm32f0xx_tim.o
 .text.TIM_UpdateDisableConfig
                0x00000000       0x40 ..\obj\stm32f0xx_tim.o
 .text.TIM_UpdateRequestConfig
                0x00000000       0x40 ..\obj\stm32f0xx_tim.o
 .text.TIM_ARRPreloadConfig
                0x00000000       0x40 ..\obj\stm32f0xx_tim.o
 .text.TIM_SelectOnePulseMode
                0x00000000       0x38 ..\obj\stm32f0xx_tim.o
 .text.TIM_SetClockDivision
                0x00000000       0x3c ..\obj\stm32f0xx_tim.o
 .text.TIM_BDTRConfig
                0x00000000       0x4c ..\obj\stm32f0xx_tim.o
 .text.TIM_BDTRStructInit
                0x00000000       0x38 ..\obj\stm32f0xx_tim.o
 .text.TIM_CtrlPWMOutputs
                0x00000000       0x4c ..\obj\stm32f0xx_tim.o
 .text.TIM_OC1Init
                0x00000000      0x1a4 ..\obj\stm32f0xx_tim.o
 .text.TIM_OC2Init
                0x00000000      0x1b8 ..\obj\stm32f0xx_tim.o
 .text.TIM_OC3Init
                0x00000000      0x1a8 ..\obj\stm32f0xx_tim.o
 .text.TIM_OC4Init
                0x00000000      0x134 ..\obj\stm32f0xx_tim.o
 .text.TIM_OCStructInit
                0x00000000       0x40 ..\obj\stm32f0xx_tim.o
 .text.TIM_SelectOCxM
                0x00000000       0xcc ..\obj\stm32f0xx_tim.o
 .text.TIM_SetCompare1
                0x00000000       0x18 ..\obj\stm32f0xx_tim.o
 .text.TIM_SetCompare2
                0x00000000       0x18 ..\obj\stm32f0xx_tim.o
 .text.TIM_SetCompare3
                0x00000000       0x18 ..\obj\stm32f0xx_tim.o
 .text.TIM_SetCompare4
                0x00000000       0x18 ..\obj\stm32f0xx_tim.o
 .text.TIM_ForcedOC1Config
                0x00000000       0x54 ..\obj\stm32f0xx_tim.o
 .text.TIM_ForcedOC2Config
                0x00000000       0x5c ..\obj\stm32f0xx_tim.o
 .text.TIM_ForcedOC3Config
                0x00000000       0x54 ..\obj\stm32f0xx_tim.o
 .text.TIM_ForcedOC4Config
                0x00000000       0x5c ..\obj\stm32f0xx_tim.o
 .text.TIM_CCPreloadControl
                0x00000000       0x40 ..\obj\stm32f0xx_tim.o
 .text.TIM_OC1PreloadConfig
                0x00000000       0x54 ..\obj\stm32f0xx_tim.o
 .text.TIM_OC2PreloadConfig
                0x00000000       0x5c ..\obj\stm32f0xx_tim.o
 .text.TIM_OC3PreloadConfig
                0x00000000       0x54 ..\obj\stm32f0xx_tim.o
 .text.TIM_OC4PreloadConfig
                0x00000000       0x5c ..\obj\stm32f0xx_tim.o
 .text.TIM_OC1FastConfig
                0x00000000       0x54 ..\obj\stm32f0xx_tim.o
 .text.TIM_OC2FastConfig
                0x00000000       0x5c ..\obj\stm32f0xx_tim.o
 .text.TIM_OC3FastConfig
                0x00000000       0x54 ..\obj\stm32f0xx_tim.o
 .text.TIM_OC4FastConfig
                0x00000000       0x5c ..\obj\stm32f0xx_tim.o
 .text.TIM_ClearOC1Ref
                0x00000000       0x54 ..\obj\stm32f0xx_tim.o
 .text.TIM_ClearOC2Ref
                0x00000000       0x58 ..\obj\stm32f0xx_tim.o
 .text.TIM_ClearOC3Ref
                0x00000000       0x54 ..\obj\stm32f0xx_tim.o
 .text.TIM_ClearOC4Ref
                0x00000000       0x58 ..\obj\stm32f0xx_tim.o
 .text.TIM_OC1PolarityConfig
                0x00000000       0x54 ..\obj\stm32f0xx_tim.o
 .text.TIM_OC1NPolarityConfig
                0x00000000       0x54 ..\obj\stm32f0xx_tim.o
 .text.TIM_OC2PolarityConfig
                0x00000000       0x58 ..\obj\stm32f0xx_tim.o
 .text.TIM_OC2NPolarityConfig
                0x00000000       0x58 ..\obj\stm32f0xx_tim.o
 .text.TIM_OC3PolarityConfig
                0x00000000       0x5c ..\obj\stm32f0xx_tim.o
 .text.TIM_OC3NPolarityConfig
                0x00000000       0x5c ..\obj\stm32f0xx_tim.o
 .text.TIM_OC4PolarityConfig
                0x00000000       0x5c ..\obj\stm32f0xx_tim.o
 .text.TIM_SelectOCREFClear
                0x00000000       0x38 ..\obj\stm32f0xx_tim.o
 .text.TIM_CCxCmd
                0x00000000       0x68 ..\obj\stm32f0xx_tim.o
 .text.TIM_CCxNCmd
                0x00000000       0x68 ..\obj\stm32f0xx_tim.o
 .text.TIM_SelectCOM
                0x00000000       0x40 ..\obj\stm32f0xx_tim.o
 .text.TIM_ICInit
                0x00000000       0xb0 ..\obj\stm32f0xx_tim.o
 .text.TIM_ICStructInit
                0x00000000       0x2c ..\obj\stm32f0xx_tim.o
 .text.TIM_PWMIConfig
                0x00000000       0xf8 ..\obj\stm32f0xx_tim.o
 .text.TIM_GetCapture1
                0x00000000       0x14 ..\obj\stm32f0xx_tim.o
 .text.TIM_GetCapture2
                0x00000000       0x14 ..\obj\stm32f0xx_tim.o
 .text.TIM_GetCapture3
                0x00000000       0x14 ..\obj\stm32f0xx_tim.o
 .text.TIM_GetCapture4
                0x00000000       0x14 ..\obj\stm32f0xx_tim.o
 .text.TIM_SetIC1Prescaler
                0x00000000       0x38 ..\obj\stm32f0xx_tim.o
 .text.TIM_SetIC2Prescaler
                0x00000000       0x40 ..\obj\stm32f0xx_tim.o
 .text.TIM_SetIC3Prescaler
                0x00000000       0x38 ..\obj\stm32f0xx_tim.o
 .text.TIM_SetIC4Prescaler
                0x00000000       0x40 ..\obj\stm32f0xx_tim.o
 .text.TIM_ITConfig
                0x00000000       0x50 ..\obj\stm32f0xx_tim.o
 .text.TIM_GenerateEvent
                0x00000000       0x1c ..\obj\stm32f0xx_tim.o
 .text.TIM_GetFlagStatus
                0x00000000       0x48 ..\obj\stm32f0xx_tim.o
 .text.TIM_ClearFlag
                0x00000000       0x20 ..\obj\stm32f0xx_tim.o
 .text.TIM_GetITStatus
                0x00000000       0x80 ..\obj\stm32f0xx_tim.o
 .text.TIM_ClearITPendingBit
                0x00000000       0x20 ..\obj\stm32f0xx_tim.o
 .text.TIM_DMAConfig
                0x00000000       0x30 ..\obj\stm32f0xx_tim.o
 .text.TIM_DMACmd
                0x00000000       0x50 ..\obj\stm32f0xx_tim.o
 .text.TIM_SelectCCDMA
                0x00000000       0x40 ..\obj\stm32f0xx_tim.o
 .text.TIM_InternalClockConfig
                0x00000000       0x20 ..\obj\stm32f0xx_tim.o
 .text.TIM_ITRxExternalClockConfig
                0x00000000       0x34 ..\obj\stm32f0xx_tim.o
 .text.TIM_TIxExternalClockConfig
                0x00000000       0x84 ..\obj\stm32f0xx_tim.o
 .text.TIM_ETRClockMode1Config
                0x00000000       0x9c ..\obj\stm32f0xx_tim.o
 .text.TIM_ETRClockMode2Config
                0x00000000       0x54 ..\obj\stm32f0xx_tim.o
 .text.TIM_SelectInputTrigger
                0x00000000       0x54 ..\obj\stm32f0xx_tim.o
 .text.TIM_SelectSlaveMode
                0x00000000       0x38 ..\obj\stm32f0xx_tim.o
 .text.TIM_SelectMasterSlaveMode
                0x00000000       0x38 ..\obj\stm32f0xx_tim.o
 .text.TIM_ETRConfig
                0x00000000       0x80 ..\obj\stm32f0xx_tim.o
 .text.TIM_EncoderInterfaceConfig
                0x00000000       0xf8 ..\obj\stm32f0xx_tim.o
 .text.TIM_SelectHallSensor
                0x00000000       0x40 ..\obj\stm32f0xx_tim.o
 .text.TIM_RemapConfig
                0x00000000       0x20 ..\obj\stm32f0xx_tim.o
 .text.TI1_Config
                0x00000000       0xcc ..\obj\stm32f0xx_tim.o
 .text.TI2_Config
                0x00000000       0xf4 ..\obj\stm32f0xx_tim.o
 .text.TI3_Config
                0x00000000       0xec ..\obj\stm32f0xx_tim.o
 .text.TI4_Config
                0x00000000      0x100 ..\obj\stm32f0xx_tim.o
 .text          0x00000000        0x0 ..\obj\stm32f0xx_syscfg.o
 .data          0x00000000        0x0 ..\obj\stm32f0xx_syscfg.o
 .bss           0x00000000        0x0 ..\obj\stm32f0xx_syscfg.o
 .text.SYSCFG_DeInit
                0x00000000       0x40 ..\obj\stm32f0xx_syscfg.o
 .text.SYSCFG_MemoryRemapConfig
                0x00000000       0x34 ..\obj\stm32f0xx_syscfg.o
 .text.SYSCFG_DMAChannelRemapConfig
                0x00000000       0x3c ..\obj\stm32f0xx_syscfg.o
 .text.SYSCFG_I2CFastModePlusConfig
                0x00000000       0x3c ..\obj\stm32f0xx_syscfg.o
 .text.SYSCFG_EXTILineConfig
                0x00000000       0x90 ..\obj\stm32f0xx_syscfg.o
 .text.SYSCFG_BreakConfig
                0x00000000       0x20 ..\obj\stm32f0xx_syscfg.o
 .text.SYSCFG_GetFlagStatus
                0x00000000       0x40 ..\obj\stm32f0xx_syscfg.o
 .text.SYSCFG_ClearFlag
                0x00000000       0x20 ..\obj\stm32f0xx_syscfg.o
 .debug_info    0x00000000      0x2a7 ..\obj\stm32f0xx_syscfg.o
 .debug_abbrev  0x00000000      0x147 ..\obj\stm32f0xx_syscfg.o
 .debug_aranges
                0x00000000       0x58 ..\obj\stm32f0xx_syscfg.o
 .debug_ranges  0x00000000       0x48 ..\obj\stm32f0xx_syscfg.o
 .debug_line    0x00000000      0x21b ..\obj\stm32f0xx_syscfg.o
 .debug_str     0x00000000      0x318 ..\obj\stm32f0xx_syscfg.o
 .comment       0x00000000       0x71 ..\obj\stm32f0xx_syscfg.o
 .debug_frame   0x00000000      0x110 ..\obj\stm32f0xx_syscfg.o
 .ARM.attributes
                0x00000000       0x31 ..\obj\stm32f0xx_syscfg.o
 .text          0x00000000        0x0 ..\obj\stm32f0xx_misc.o
 .data          0x00000000        0x0 ..\obj\stm32f0xx_misc.o
 .bss           0x00000000        0x0 ..\obj\stm32f0xx_misc.o
 .text.NVIC_Init
                0x00000000       0xa8 ..\obj\stm32f0xx_misc.o
 .text.NVIC_SystemLPConfig
                0x00000000       0x44 ..\obj\stm32f0xx_misc.o
 .text.SysTick_CLKSourceConfig
                0x00000000       0x34 ..\obj\stm32f0xx_misc.o
 .debug_info    0x00000000      0x36a ..\obj\stm32f0xx_misc.o
 .debug_abbrev  0x00000000      0x143 ..\obj\stm32f0xx_misc.o
 .debug_aranges
                0x00000000       0x30 ..\obj\stm32f0xx_misc.o
 .debug_ranges  0x00000000       0x20 ..\obj\stm32f0xx_misc.o
 .debug_line    0x00000000      0x243 ..\obj\stm32f0xx_misc.o
 .debug_str     0x00000000      0x2f3 ..\obj\stm32f0xx_misc.o
 .comment       0x00000000       0x71 ..\obj\stm32f0xx_misc.o
 .debug_frame   0x00000000       0x70 ..\obj\stm32f0xx_misc.o
 .ARM.attributes
                0x00000000       0x31 ..\obj\stm32f0xx_misc.o
 .data          0x00000000        0x0 c:/program files (x86)/gnu tools arm embedded/4.9 2015q1/bin/../lib/gcc/arm-none-eabi/4.9.3/armv6-m\libgcc.a(_udivsi3.o)
 .bss           0x00000000        0x0 c:/program files (x86)/gnu tools arm embedded/4.9 2015q1/bin/../lib/gcc/arm-none-eabi/4.9.3/armv6-m\libgcc.a(_udivsi3.o)
 .data          0x00000000        0x0 c:/program files (x86)/gnu tools arm embedded/4.9 2015q1/bin/../lib/gcc/arm-none-eabi/4.9.3/armv6-m\libgcc.a(_dvmd_tls.o)
 .bss           0x00000000        0x0 c:/program files (x86)/gnu tools arm embedded/4.9 2015q1/bin/../lib/gcc/arm-none-eabi/4.9.3/armv6-m\libgcc.a(_dvmd_tls.o)

Memory Configuration

Name             Origin             Length             Attributes
rom              0x08000000         0x00010000         xr
ram              0x20000000         0x00002000         xrw
*default*        0x00000000         0xffffffff

Linker script and memory map

                0x20002000                _eram = 0x20002000

.text           0x08000000      0xf58
 *(.isr_vector)
 .isr_vector    0x08000000       0xc4 ..\obj\startup_stm32f0xx.o
                0x08000000                g_pfnVectors
 *(.text*)
 .text.RCC_HSEConfig
                0x080000c4       0x24 ..\obj\stm32f0xx_rcc.o
                0x080000c4                RCC_HSEConfig
 .text.RCC_PLLConfig
                0x080000e8       0x34 ..\obj\stm32f0xx_rcc.o
                0x080000e8                RCC_PLLConfig
 .text.RCC_PLLCmd
                0x0800011c       0x40 ..\obj\stm32f0xx_rcc.o
                0x0800011c                RCC_PLLCmd
 .text.RCC_PREDIV1Config
                0x0800015c       0x34 ..\obj\stm32f0xx_rcc.o
                0x0800015c                RCC_PREDIV1Config
 .text.RCC_SYSCLKConfig
                0x08000190       0x34 ..\obj\stm32f0xx_rcc.o
                0x08000190                RCC_SYSCLKConfig
 .text.RCC_ADCCLKConfig
                0x080001c4       0x50 ..\obj\stm32f0xx_rcc.o
                0x080001c4                RCC_ADCCLKConfig
 .text.RCC_GetClocksFreq
                0x08000214      0x1cc ..\obj\stm32f0xx_rcc.o
                0x08000214                RCC_GetClocksFreq
 .text.RCC_AHBPeriphClockCmd
                0x080003e0       0x3c ..\obj\stm32f0xx_rcc.o
                0x080003e0                RCC_AHBPeriphClockCmd
 .text.RCC_APB2PeriphClockCmd
                0x0800041c       0x3c ..\obj\stm32f0xx_rcc.o
                0x0800041c                RCC_APB2PeriphClockCmd
 .text.RCC_GetFlagStatus
                0x08000458       0x94 ..\obj\stm32f0xx_rcc.o
                0x08000458                RCC_GetFlagStatus
 .text.ADC_Init
                0x080004ec       0x58 ..\obj\stm32f0xx_adc.o
                0x080004ec                ADC_Init
 .text.ADC_Cmd  0x08000544       0x38 ..\obj\stm32f0xx_adc.o
                0x08000544                ADC_Cmd
 .text.ADC_ChannelConfig
                0x0800057c       0x38 ..\obj\stm32f0xx_adc.o
                0x0800057c                ADC_ChannelConfig
 .text.ADC_GetCalibrationFactor
                0x080005b4       0x60 ..\obj\stm32f0xx_adc.o
                0x080005b4                ADC_GetCalibrationFactor
 .text.ADC_StartOfConversion
                0x08000614       0x1c ..\obj\stm32f0xx_adc.o
                0x08000614                ADC_StartOfConversion
 .text.ADC_DMACmd
                0x08000630       0x38 ..\obj\stm32f0xx_adc.o
                0x08000630                ADC_DMACmd
 .text.ADC_GetFlagStatus
                0x08000668       0x60 ..\obj\stm32f0xx_adc.o
                0x08000668                ADC_GetFlagStatus
 .text.main     0x080006c8      0x218 ..\obj\main.o
                0x080006c8                main
 .text.Reset_Handler
                0x080008e0       0x4c ..\obj\startup_stm32f0xx.o
                0x080008e0                Reset_Handler
 .text.Default_Handler
                0x0800092c        0x2 ..\obj\startup_stm32f0xx.o
                0x0800092c                TIM1_CC_IRQHandler
                0x0800092c                HardFault_Handler
                0x0800092c                ADC1_COMP_IRQHandler
                0x0800092c                SysTick_Handler
                0x0800092c                PVD_IRQHandler
                0x0800092c                PendSV_Handler
                0x0800092c                NMI_Handler
                0x0800092c                I2C1_IRQHandler
                0x0800092c                SPI1_IRQHandler
                0x0800092c                TIM6_DAC_IRQHandler
                0x0800092c                EXTI2_3_IRQHandler
                0x0800092c                I2C2_IRQHandler
                0x0800092c                TIM17_IRQHandler
                0x0800092c                RTC_IRQHandler
                0x0800092c                TIM16_IRQHandler
                0x0800092c                TIM3_IRQHandler
                0x0800092c                EXTI4_15_IRQHandler
                0x0800092c                RCC_IRQHandler
                0x0800092c                DMA1_Channel1_IRQHandler
                0x0800092c                Default_Handler
                0x0800092c                CEC_IRQHandler
                0x0800092c                TIM14_IRQHandler
                0x0800092c                DMA1_Channel4_5_IRQHandler
                0x0800092c                TIM15_IRQHandler
                0x0800092c                EXTI0_1_IRQHandler
                0x0800092c                SPI2_IRQHandler
                0x0800092c                SVC_Handler
                0x0800092c                TS_IRQHandler
                0x0800092c                WWDG_IRQHandler
                0x0800092c                TIM2_IRQHandler
                0x0800092c                DMA1_Channel2_3_IRQHandler
                0x0800092c                USART2_IRQHandler
                0x0800092c                FLASH_IRQHandler
                0x0800092c                USART1_IRQHandler
                0x0800092c                TIM1_BRK_UP_TRG_COM_IRQHandler
 *fill*         0x0800092e        0x2 
 .text.DMA_Init
                0x08000930       0x78 ..\obj\stm32f0xx_dma.o
                0x08000930                DMA_Init
 .text.DMA_Cmd  0x080009a8       0x3c ..\obj\stm32f0xx_dma.o
                0x080009a8                DMA_Cmd
 .text.DMA_GetFlagStatus
                0x080009e4       0x40 ..\obj\stm32f0xx_dma.o
                0x080009e4                DMA_GetFlagStatus
 .text.DMA_ClearFlag
                0x08000a24       0x18 ..\obj\stm32f0xx_dma.o
                0x08000a24                DMA_ClearFlag
 .text.SystemInit1
                0x08000a3c       0x8c ..\obj\system_stm32f0xx_temp.o
                0x08000a3c                SystemInit
                0x08000a3c                SystemInit1
 .text.SetSysClock1
                0x08000ac8       0xe0 ..\obj\system_stm32f0xx_temp.o
                0x08000ac8                SetSysClock
 .text.GPIO_Init
                0x08000ba8      0x124 ..\obj\stm32f0xx_gpio.o
                0x08000ba8                GPIO_Init
 .text.TIM_TimeBaseInit
                0x08000ccc       0xf0 ..\obj\stm32f0xx_tim.o
                0x08000ccc                TIM_TimeBaseInit
 .text.TIM_Cmd  0x08000dbc       0x40 ..\obj\stm32f0xx_tim.o
                0x08000dbc                TIM_Cmd
 .text.TIM_SelectOutputTrigger
                0x08000dfc       0x38 ..\obj\stm32f0xx_tim.o
                0x08000dfc                TIM_SelectOutputTrigger
 .text          0x08000e34      0x120 c:/program files (x86)/gnu tools arm embedded/4.9 2015q1/bin/../lib/gcc/arm-none-eabi/4.9.3/armv6-m\libgcc.a(_udivsi3.o)
                0x08000e34                __aeabi_uidiv
                0x08000e34                __udivsi3
                0x08000f40                __aeabi_uidivmod
 .text          0x08000f54        0x4 c:/program files (x86)/gnu tools arm embedded/4.9 2015q1/bin/../lib/gcc/arm-none-eabi/4.9.3/armv6-m\libgcc.a(_dvmd_tls.o)
                0x08000f54                __aeabi_idiv0
                0x08000f54                __aeabi_ldiv0
 *(.init)
 *(.fini)
 *crtbegin.o(.ctors)
 *crtbegin?.o(.ctors)
 *(EXCLUDE_FILE(*crtend.o *crtend?.o) .ctors)
 *(SORT(.ctors.*))
 *(.ctors)
 *crtbegin.o(.dtors)
 *crtbegin?.o(.dtors)
 *(EXCLUDE_FILE(*crtend.o *crtend?.o) .dtors)
 *(SORT(.dtors.*))
 *(.dtors)
 *(.rodata*)
 *(.eh_fram e*)

.glue_7         0x08000f58        0x0
 .glue_7        0x00000000        0x0 linker stubs

.glue_7t        0x08000f58        0x0
 .glue_7t       0x00000000        0x0 linker stubs

.vfp11_veneer   0x08000f58        0x0
 .vfp11_veneer  0x00000000        0x0 linker stubs

.v4_bx          0x08000f58        0x0
 .v4_bx         0x00000000        0x0 linker stubs

.iplt           0x08000f58        0x0
 .iplt          0x00000000        0x0 ..\obj\stm32f0xx_rcc.o

.rel.dyn        0x08000f58        0x0
 .rel.iplt      0x00000000        0x0 ..\obj\stm32f0xx_rcc.o

.ARM.extab
 *(.ARM.extab* .gnu.linkonce.armextab.*)
                0x08000f58                __exidx_start = .

.ARM.exidx
 *(.ARM.exidx* .gnu.linkonce.armexidx.*)
                0x08000f58                __exidx_end = .
                0x08000f58                __etext = .
                0x08000f58                _sidata = __etext

.data           0x20000000       0x10 load address 0x08000f58
                0x20000000                __data_start__ = .
                0x20000000                _sdata = __data_start__
 *(vtable)
 *(.data*)
 .data          0x20000000       0x10 ..\obj\stm32f0xx_rcc.o
                0x20000010                . = ALIGN (0x4)
                0x20000010                PROVIDE (__preinit_array_start, .)
 *(.preinit_array)
                0x20000010                PROVIDE (__preinit_array_end, .)
                0x20000010                . = ALIGN (0x4)
                0x20000010                PROVIDE (__init_array_start, .)
 *(SORT(.init_array.*))
 *(.init_array)
                0x20000010                PROVIDE (__init_array_end, .)
                0x20000010                . = ALIGN (0x4)
                0x20000010                PROVIDE (__fini_array_start, .)
 *(SORT(.fini_array.*))
 *(.fini_array)
                0x20000010                PROVIDE (__fini_array_end, .)
 *(.jcr*)
                0x20000010                . = ALIGN (0x4)
                0x20000010                __data_end__ = .
                0x20000010                _edata = __data_end__

.igot.plt       0x20000010        0x0 load address 0x08000f68
 .igot.plt      0x00000000        0x0 ..\obj\stm32f0xx_rcc.o

.bss            0x20000010     0x1dd4 load address 0x08000f68
                0x20000010                . = ALIGN (0x4)
                0x20000010                __bss_start__ = .
                0x20000010                _sbss = __bss_start__
 *(.bss*)
 .bss           0x20000010     0x1d4c ..\obj\main.o
                0x20000010                data
 *(COMMON)
 COMMON         0x20001d5c       0x88 ..\obj\main.o
                0x20001d5c                D
                0x20001d88                A
                0x20001da0                TO
                0x20001db4                T
                0x20001dc0                G
                0x20001dc8                RC
                0x20001de4                . = ALIGN (0x4)
                0x20001de4                __bss_end__ = .
                0x20001de4                _ebss = __bss_end__

.heap           0x20001de4        0x0
                0x20001de4                __end__ = .
                0x20001de4                _end = __end__
                0x20001de4                end = __end__
 *(.heap*)
                0x20001de4                __HeapLimit = .

.co_stack       0x20001de4        0x4 load address 0x08002d3c
                0x20001de8                . = ALIGN (0x8)
 *fill*         0x20001de4        0x4 
 *(.co_stack .co_stack.*)
                0x20002000                __StackTop = (ORIGIN (ram) + 0x2000)
                0x20001ffc                __StackLimit = (__StackTop - SIZEOF (.co_stack))
                0x20002000                PROVIDE (__stack, __StackTop)
                0x00000001                ASSERT ((__StackLimit >= __HeapLimit), region ram  overflowed with stack)
LOAD ..\obj\stm32f0xx_rcc.o
LOAD ..\obj\stm32f0xx_adc.o
LOAD ..\obj\main.o
LOAD ..\obj\startup_stm32f0xx.o
LOAD ..\obj\stm32f0xx_dma.o
LOAD ..\obj\system_stm32f0xx_temp.o
LOAD ..\obj\stm32f0xx_gpio.o
LOAD ..\obj\stm32f0xx_tim.o
LOAD ..\obj\stm32f0xx_syscfg.o
LOAD ..\obj\stm32f0xx_misc.o
START GROUP
LOAD c:/program files (x86)/gnu tools arm embedded/4.9 2015q1/bin/../lib/gcc/arm-none-eabi/4.9.3/armv6-m\libgcc.a
LOAD c:/program files (x86)/gnu tools arm embedded/4.9 2015q1/bin/../lib/gcc/arm-none-eabi/4.9.3/../../../../arm-none-eabi/lib/armv6-m\libg.a
LOAD c:/program files (x86)/gnu tools arm embedded/4.9 2015q1/bin/../lib/gcc/arm-none-eabi/4.9.3/../../../../arm-none-eabi/lib/armv6-m\libc.a
END GROUP
OUTPUT(STM32F0-FastADC.elf elf32-littlearm)

.debug_info     0x00000000     0x449c
 .debug_info    0x00000000      0x99a ..\obj\stm32f0xx_rcc.o
 .debug_info    0x0000099a      0x894 ..\obj\stm32f0xx_adc.o
 .debug_info    0x0000122e      0x868 ..\obj\main.o
 .debug_info    0x00001a96       0xb9 ..\obj\startup_stm32f0xx.o
 .debug_info    0x00001b4f      0x428 ..\obj\stm32f0xx_dma.o
 .debug_info    0x00001f77      0x2ef ..\obj\system_stm32f0xx_temp.o
 .debug_info    0x00002266      0x5cf ..\obj\stm32f0xx_gpio.o
 .debug_info    0x00002835     0x1c67 ..\obj\stm32f0xx_tim.o

.debug_abbrev   0x00000000      0xa81
 .debug_abbrev  0x00000000      0x1ec ..\obj\stm32f0xx_rcc.o
 .debug_abbrev  0x000001ec      0x188 ..\obj\stm32f0xx_adc.o
 .debug_abbrev  0x00000374      0x11b ..\obj\main.o
 .debug_abbrev  0x0000048f       0x12 ..\obj\startup_stm32f0xx.o
 .debug_abbrev  0x000004a1      0x15c ..\obj\stm32f0xx_dma.o
 .debug_abbrev  0x000005fd      0x134 ..\obj\system_stm32f0xx_temp.o
 .debug_abbrev  0x00000731      0x19b ..\obj\stm32f0xx_gpio.o
 .debug_abbrev  0x000008cc      0x1b5 ..\obj\stm32f0xx_tim.o

.debug_aranges  0x00000000      0x6b8
 .debug_aranges
                0x00000000      0x150 ..\obj\stm32f0xx_rcc.o
 .debug_aranges
                0x00000150      0x100 ..\obj\stm32f0xx_adc.o
 .debug_aranges
                0x00000250       0x20 ..\obj\main.o
 .debug_aranges
                0x00000270       0x28 ..\obj\startup_stm32f0xx.o
 .debug_aranges
                0x00000298       0x70 ..\obj\stm32f0xx_dma.o
 .debug_aranges
                0x00000308       0x30 ..\obj\system_stm32f0xx_temp.o
 .debug_aranges
                0x00000338       0x80 ..\obj\stm32f0xx_gpio.o
 .debug_aranges
                0x000003b8      0x300 ..\obj\stm32f0xx_tim.o

.debug_ranges   0x00000000      0x640
 .debug_ranges  0x00000000      0x140 ..\obj\stm32f0xx_rcc.o
 .debug_ranges  0x00000140       0xf0 ..\obj\stm32f0xx_adc.o
 .debug_ranges  0x00000230       0x10 ..\obj\main.o
 .debug_ranges  0x00000240       0x20 ..\obj\startup_stm32f0xx.o
 .debug_ranges  0x00000260       0x60 ..\obj\stm32f0xx_dma.o
 .debug_ranges  0x000002c0       0x20 ..\obj\system_stm32f0xx_temp.o
 .debug_ranges  0x000002e0       0x70 ..\obj\stm32f0xx_gpio.o
 .debug_ranges  0x00000350      0x2f0 ..\obj\stm32f0xx_tim.o

.debug_line     0x00000000     0x1e08
 .debug_line    0x00000000      0x51f ..\obj\stm32f0xx_rcc.o
 .debug_line    0x0000051f      0x432 ..\obj\stm32f0xx_adc.o
 .debug_line    0x00000951      0x252 ..\obj\main.o
 .debug_line    0x00000ba3       0xb2 ..\obj\startup_stm32f0xx.o
 .debug_line    0x00000c55      0x2bb ..\obj\stm32f0xx_dma.o
 .debug_line    0x00000f10      0x1c7 ..\obj\system_stm32f0xx_temp.o
 .debug_line    0x000010d7      0x2f7 ..\obj\stm32f0xx_gpio.o
 .debug_line    0x000013ce      0xa3a ..\obj\stm32f0xx_tim.o

.debug_str      0x00000000     0x1c7b
 .debug_str     0x00000000      0x689 ..\obj\stm32f0xx_rcc.o
                                0x722 (size before relaxing)
 .debug_str     0x00000689      0x416 ..\obj\stm32f0xx_adc.o
                                0x5a0 (size before relaxing)
 .debug_str     0x00000a9f      0x435 ..\obj\main.o
                                0x6f0 (size before relaxing)
 .debug_str     0x00000ed4      0x13d ..\obj\stm32f0xx_dma.o
                                0x39e (size before relaxing)
 .debug_str     0x00001011       0xb1 ..\obj\system_stm32f0xx_temp.o
                                0x299 (size before relaxing)
 .debug_str     0x000010c2      0x192 ..\obj\stm32f0xx_gpio.o
                                0x489 (size before relaxing)
 .debug_str     0x00001254      0xa27 ..\obj\stm32f0xx_tim.o
                                0xddb (size before relaxing)

.comment        0x00000000       0x70
 .comment       0x00000000       0x70 ..\obj\stm32f0xx_rcc.o
                                 0x71 (size before relaxing)
 .comment       0x00000000       0x71 ..\obj\stm32f0xx_adc.o
 .comment       0x00000000       0x71 ..\obj\main.o
 .comment       0x00000000       0x71 ..\obj\stm32f0xx_dma.o
 .comment       0x00000000       0x71 ..\obj\system_stm32f0xx_temp.o
 .comment       0x00000000       0x71 ..\obj\stm32f0xx_gpio.o
 .comment       0x00000000       0x71 ..\obj\stm32f0xx_tim.o

.ARM.attributes
                0x00000000       0x2f
 .ARM.attributes
                0x00000000       0x31 ..\obj\stm32f0xx_rcc.o
 .ARM.attributes
                0x00000031       0x31 ..\obj\stm32f0xx_adc.o
 .ARM.attributes
                0x00000062       0x31 ..\obj\main.o
 .ARM.attributes
                0x00000093       0x21 ..\obj\startup_stm32f0xx.o
 .ARM.attributes
                0x000000b4       0x31 ..\obj\stm32f0xx_dma.o
 .ARM.attributes
                0x000000e5       0x31 ..\obj\system_stm32f0xx_temp.o
 .ARM.attributes
                0x00000116       0x31 ..\obj\stm32f0xx_gpio.o
 .ARM.attributes
                0x00000147       0x31 ..\obj\stm32f0xx_tim.o
 .ARM.attributes
                0x00000178       0x1e c:/program files (x86)/gnu tools arm embedded/4.9 2015q1/bin/../lib/gcc/arm-none-eabi/4.9.3/armv6-m\libgcc.a(_udivsi3.o)
 .ARM.attributes
                0x00000196       0x1e c:/program files (x86)/gnu tools arm embedded/4.9 2015q1/bin/../lib/gcc/arm-none-eabi/4.9.3/armv6-m\libgcc.a(_dvmd_tls.o)

.debug_frame    0x00000000     0x1820
 .debug_frame   0x00000000      0x4e4 ..\obj\stm32f0xx_rcc.o
 .debug_frame   0x000004e4      0x3b0 ..\obj\stm32f0xx_adc.o
 .debug_frame   0x00000894       0x30 ..\obj\main.o
 .debug_frame   0x000008c4      0x170 ..\obj\stm32f0xx_dma.o
 .debug_frame   0x00000a34       0x6c ..\obj\system_stm32f0xx_temp.o
 .debug_frame   0x00000aa0      0x1b0 ..\obj\stm32f0xx_gpio.o
 .debug_frame   0x00000c50      0xbb0 ..\obj\stm32f0xx_tim.o
 .debug_frame   0x00001800       0x20 c:/program files (x86)/gnu tools arm embedded/4.9 2015q1/bin/../lib/gcc/arm-none-eabi/4.9.3/armv6-m\libgcc.a(_udivsi3.o)
